package(A test case package), copyright(Copyright Â© 2019 Uncle Toasty)
package(A test case package), copyright()
